; SERIN v56 9600 PB0 - listing (adresy wzgledem SI = RAM+&130), 118 bajtow
;
                 ; =====================================================================
                 ; SERIN v56 - programowy odbiornik UART 9600 bps 8N1 dla Sharp PC-1500(A)
                 ; CPU LH5801 @ 1,3 MHz, wejscie PB0 (&F00F bit 0, pin 9 zlacza 60-pin),
                 ; polaryzacja TTL-232 (spoczynek = 1, bit startu = 0).
                 ;
                 ; Wywolanie z BASIC-a:
                 ;   CALL SI          odbierz do 255 znakow
                 ;   CALL SI,M        odbierz najwyzej M znakow (1..255; 0 lub >255 = 255)
                 ; Wynik:
                 ;   RC               liczba odebranych znakow, 1 bajt (0..255), RC = RX-1
                 ;   RX..RX+254       odebrane znaki (RX = poczatek strony pamieci, &4200)
                 ;   M                (tylko przy CALL SI,M) = liczba odebranych znakow
                 ;                    (powrot z C=1 -> ROM wpisuje X do zmiennej z CALL)
                 ; Czas:
                 ;   pierwszy znak musi przyjsc w ciagu ~30 s, kolejne w odstepach < ~0,5 s,
                 ;   po M-tym (lub 255.) znaku powrot natychmiast.
                 ;
                 ; Adres ladowania: SI = RAM+&130 (&4130).
                 ; Symbole wstawiane przez BASIC: RP = strona bufora RX (RX = RP*256),
                 ; CP = RP-1 (licznik RC = CP*256+&FF = RX-1).
                 ; Bufor RX zaczyna sie od poczatku strony, wiec liczba znakow = XL.
                 ; Skoki: LH5801 ma osobne kody dla skokow w przod (+) i w tyl (-),
                 ; przesuniecie jest ZAWSZE dodatnie (0..255), liczone od nastepnego rozkazu.
                 ; Wersja 9600 (jak v53): petla bitu = 134,5 / 137,5 cyklu (tablica MAME /
                 ; instrukcja LH5801; idealnie 135,4) i krotszy czas do polowy bitu startu.
                 ; Pierwsza probka ok. 1,4 bitu po zboczu startu.
                 ; v56 = v55 z wejsciem PB0 zamiast PB2 (CMT-IN): zmienione sa tylko maski
                 ; bitu (ANI &FE, BII &01), wiec czasy i dlugosc kodu sa takie same jak w v55.
                 ; PB0 to wolne wejscie CMOS bez podciagania: dac 10 kOhm do VCC.
                 ; Plik jest zrodlem dla tools/build_v56.py (asembler + generator POKE).
                 ; =====================================================================
00  FD BE                RIE                 ; bez przerwan (timing!)
02  84                   LDA  XH             ; bez zmiennej (adres w ROM) albo M>255
03  89 06                BZR+ MAXM           ;   -> 255 znakow
05  04                   LDA  XL             ; CALL SI,M: X = M
06  8B 03                BZS+ MAXM           ; M = 0 -> 255 znakow
08  DF                   DEC  A              ; r = M-1 (0..254)
09  8E 02                BCH+ SETM
0B  B5 FE        MAXM:   LDI  A,&FE          ; r = 254 -> 255 znakow (caly bufor)
0D  AE CP FF     SETM:   STA  (CP,&FF)       ; RC = r (pozostalo r+1 znakow)
10  48 RP                LDI  XH,RP          ; X = RX (poczatek strony)
12  4A 00                LDI  XL,0
14  58 F0                LDI  YH,&F0         ; Y = &F00D (DDB, rejestr kierunku portu B)
16  5A 0D                LDI  YL,&0D
18  FD 59 FE             ANI  #(Y),&FE       ; PB0 = wejscie
1B  54                   INC  Y
1C  54                   INC  Y              ; Y = &F00F (port B, bit 0 = PB0)
1D  68 00                LDI  UH,&00         ; timeout 1. znaku: 18*256*256 obiegow ~ 30 s
1F  B5 12                LDI  A,18
21  FD 5D 01     WH:     BII  #(Y),&01       ; czekaj na stan spoczynkowy (1 = mark)
24  89 0B                BZR+ WL             ; linia = 1 -> czekaj na bit startu
26  88 07                LOP  UL,WH          ; 256 obiegow x 33 cykle
28  FD 62                DEC  UH
2A  99 0B                BZR- WH
2C  DF                   DEC  A
2D  99 0E                BZR- WH
2F  8E 3D                BCH+ DONE           ; timeout
31  FD 5D 01     WL:     BII  #(Y),&01       ; czekaj na zbocze 1->0 (bit startu)
34  8B 0B                BZS+ START
36  88 07                LOP  UL,WL
38  FD 62                DEC  UH
3A  99 0B                BZR- WL
3C  DF                   DEC  A
3D  99 0E                BZR- WL
3F  8E 2D                BCH+ DONE           ; timeout
41  6A 03        START:  LDI  UL,3           ; ~pol bitu startu
43  88 02        HALF:   LOP  UL,HALF
45  FD 5D 01             BII  #(Y),&01       ; srodek bitu startu: nadal 0?
48  99 19                BZR- WL             ; nie -> zaklocenie, czekaj dalej
4A  68 08                LDI  UH,8           ; 8 bitow danych
4C  6A 05        BIT:    LDI  UL,5           ; petla bitu: 1 bit = 135,4 cyklu
4E  88 02        DLY:    LOP  UL,DLY
50  38                   NOP                 ; (dostrojenie: +10 cykli)
51  38                   NOP
52  FD 5D 01             BII  #(Y),&01
55  FB                   SEC
56  89 01                BZR+ ONE
58  F9                   REC
59  D1           ONE:    ROR                 ; LSB pierwszy
5A  FD 62                DEC  UH
5C  99 12                BZR- BIT
5E  41                   SIN  X              ; zapisz znak, X++
5F  A5 CP FF             LDA  (CP,&FF)       ; r = 0 -> to byl ostatni dozwolony znak
62  8B 0A                BZS+ DONE
64  DF                   DEC  A
65  AE CP FF             STA  (CP,&FF)
68  68 4D                LDI  UH,77          ; timeout miedzy znakami: 77*256 obiegow ~ 0,5 s
6A  B5 01                LDI  A,1
6C  9E 4D                BCH- WH             ; czekaj na bit stopu i kolejny znak
6E  04           DONE:   LDA  XL             ; liczba znakow = XL (RX zaczyna sie od strony)
6F  AE CP FF             STA  (CP,&FF)       ; RC = liczba odebranych znakow
72  48 00                LDI  XH,0           ; X = liczba znakow ...
74  FB                   SEC                 ; ... C=1: BASIC wpisze X do zmiennej z CALL SI,M
75  9A                   RTN
